MPLINK 5.09, LINKER
Linker Map File - Created Wed Nov 18 11:18:35 2020

                                 Section Info
                  Section       Type    Address   Location Size(Bytes)
                ---------  ---------  ---------  ---------  ---------
                 RES_VECT       code   0x000000    program   0x000012
                   .cinit    romdata   0x000009    program   0x000004
                MAIN_PROG       code   0x00000b    program   0x0005aa
.config_2007_BUILD/DEFAULT/DEBUG/EXAM.O       code   0x002007    program   0x000002
.config_2008_BUILD/DEFAULT/DEBUG/EXAM.O       code   0x002008    program   0x000002



                              Program Memory Usage 
                               Start         End      
                           ---------   ---------      
                            0x000000    0x0002df      
                            0x002007    0x002008      
            738 out of 8455 program addresses used, program memory utilization is 8%



                              Symbols - Sorted by Name
                     Name    Address   Location    Storage File                     
                ---------  ---------  ---------  --------- ---------                
                   INICIO   0x000051    program     static C:\Users\yo\MPLABXProjects\Exam.X\exam.asm
                  INITLCD   0x00003e    program     static C:\Users\yo\MPLABXProjects\Exam.X\exam.asm
                 PANTFAIL   0x00020a    program     static C:\Users\yo\MPLABXProjects\Exam.X\exam.asm
                   PANTIN   0x00007d    program     static C:\Users\yo\MPLABXProjects\Exam.X\exam.asm
                  PANTSUC   0x000149    program     static C:\Users\yo\MPLABXProjects\Exam.X\exam.asm
                    START   0x00000b    program     static C:\Users\yo\MPLABXProjects\Exam.X\exam.asm
                    START   0x00000b    program     static C:\Users\yo\MPLABXProjects\Exam.X\exam.asm
          _MAIN_PROG_02C2   0x0002cd    program     static C:\Users\yo\MPLABXProjects\Exam.X\exam.asm
                    ciclo   0x0002ca    program     static C:\Users\yo\MPLABXProjects\Exam.X\exam.asm
                     exec   0x0002c2    program     static C:\Users\yo\MPLABXProjects\Exam.X\exam.asm
                   guarda   0x000079    program     static C:\Users\yo\MPLABXProjects\Exam.X\exam.asm
                    loopi   0x0002d7    program     static C:\Users\yo\MPLABXProjects\Exam.X\exam.asm
                    loopj   0x0002d3    program     static C:\Users\yo\MPLABXProjects\Exam.X\exam.asm
                    loopk   0x0002d5    program     static C:\Users\yo\MPLABXProjects\Exam.X\exam.asm
                     time   0x0002c7    program     static C:\Users\yo\MPLABXProjects\Exam.X\exam.asm
                    time2   0x0002d1    program     static C:\Users\yo\MPLABXProjects\Exam.X\exam.asm



                              Symbols - Sorted by Address
                     Name    Address   Location    Storage File                     
                ---------  ---------  ---------  --------- ---------                
                    START   0x00000b    program     static C:\Users\yo\MPLABXProjects\Exam.X\exam.asm
                    START   0x00000b    program     static C:\Users\yo\MPLABXProjects\Exam.X\exam.asm
                  INITLCD   0x00003e    program     static C:\Users\yo\MPLABXProjects\Exam.X\exam.asm
                   INICIO   0x000051    program     static C:\Users\yo\MPLABXProjects\Exam.X\exam.asm
                   guarda   0x000079    program     static C:\Users\yo\MPLABXProjects\Exam.X\exam.asm
                   PANTIN   0x00007d    program     static C:\Users\yo\MPLABXProjects\Exam.X\exam.asm
                  PANTSUC   0x000149    program     static C:\Users\yo\MPLABXProjects\Exam.X\exam.asm
                 PANTFAIL   0x00020a    program     static C:\Users\yo\MPLABXProjects\Exam.X\exam.asm
                     exec   0x0002c2    program     static C:\Users\yo\MPLABXProjects\Exam.X\exam.asm
                     time   0x0002c7    program     static C:\Users\yo\MPLABXProjects\Exam.X\exam.asm
                    ciclo   0x0002ca    program     static C:\Users\yo\MPLABXProjects\Exam.X\exam.asm
          _MAIN_PROG_02C2   0x0002cd    program     static C:\Users\yo\MPLABXProjects\Exam.X\exam.asm
                    time2   0x0002d1    program     static C:\Users\yo\MPLABXProjects\Exam.X\exam.asm
                    loopj   0x0002d3    program     static C:\Users\yo\MPLABXProjects\Exam.X\exam.asm
                    loopk   0x0002d5    program     static C:\Users\yo\MPLABXProjects\Exam.X\exam.asm
                    loopi   0x0002d7    program     static C:\Users\yo\MPLABXProjects\Exam.X\exam.asm


