MPLINK 5.09, LINKER
Linker Map File - Created Mon Nov 23 01:20:42 2020

                                 Section Info
                  Section       Type    Address   Location Size(Bytes)
                ---------  ---------  ---------  ---------  ---------
                 RES_VECT       code   0x000000    program   0x000012
                   .cinit    romdata   0x000009    program   0x000004
                MAIN_PROG       code   0x00000b    program   0x0006f4
.config_2007_BUILD/DEFAULT/PRODUCTION/EXAM.O       code   0x002007    program   0x000002
.config_2008_BUILD/DEFAULT/PRODUCTION/EXAM.O       code   0x002008    program   0x000002



                              Program Memory Usage 
                               Start         End      
                           ---------   ---------      
                            0x000000    0x000384      
                            0x002007    0x002008      
            903 out of 8455 program addresses used, program memory utilization is 10%



                              Symbols - Sorted by Name
                     Name    Address   Location    Storage File                     
                ---------  ---------  ---------  --------- ---------                
                     EXIT   0x000127    program     static C:\Users\yo\MPLABXProjects\Exam.X\exam.asm
                     FAIL   0x00011e    program     static C:\Users\yo\MPLABXProjects\Exam.X\exam.asm
                   INICIO   0x000053    program     static C:\Users\yo\MPLABXProjects\Exam.X\exam.asm
                  INITLCD   0x00003e    program     static C:\Users\yo\MPLABXProjects\Exam.X\exam.asm
                 PANTFAIL   0x0002b6    program     static C:\Users\yo\MPLABXProjects\Exam.X\exam.asm
                   PANTIN   0x000130    program     static C:\Users\yo\MPLABXProjects\Exam.X\exam.asm
                  PANTSUC   0x0001fc    program     static C:\Users\yo\MPLABXProjects\Exam.X\exam.asm
                      REG   0x000085    program     static C:\Users\yo\MPLABXProjects\Exam.X\exam.asm
                    START   0x00000b    program     static C:\Users\yo\MPLABXProjects\Exam.X\exam.asm
                    START   0x00000b    program     static C:\Users\yo\MPLABXProjects\Exam.X\exam.asm
                   VALIDA   0x00008d    program     static C:\Users\yo\MPLABXProjects\Exam.X\exam.asm
          _MAIN_PROG_0367   0x000372    program     static C:\Users\yo\MPLABXProjects\Exam.X\exam.asm
                    ciclo   0x00036f    program     static C:\Users\yo\MPLABXProjects\Exam.X\exam.asm
                     exec   0x000367    program     static C:\Users\yo\MPLABXProjects\Exam.X\exam.asm
                   guarda   0x000089    program     static C:\Users\yo\MPLABXProjects\Exam.X\exam.asm
                       le   0x00012e    program     static C:\Users\yo\MPLABXProjects\Exam.X\exam.asm
                       lf   0x000125    program     static C:\Users\yo\MPLABXProjects\Exam.X\exam.asm
                    loopi   0x00037c    program     static C:\Users\yo\MPLABXProjects\Exam.X\exam.asm
                    loopj   0x000378    program     static C:\Users\yo\MPLABXProjects\Exam.X\exam.asm
                    loopk   0x00037a    program     static C:\Users\yo\MPLABXProjects\Exam.X\exam.asm
                     time   0x00036c    program     static C:\Users\yo\MPLABXProjects\Exam.X\exam.asm
                    time2   0x000376    program     static C:\Users\yo\MPLABXProjects\Exam.X\exam.asm



                              Symbols - Sorted by Address
                     Name    Address   Location    Storage File                     
                ---------  ---------  ---------  --------- ---------                
                    START   0x00000b    program     static C:\Users\yo\MPLABXProjects\Exam.X\exam.asm
                    START   0x00000b    program     static C:\Users\yo\MPLABXProjects\Exam.X\exam.asm
                  INITLCD   0x00003e    program     static C:\Users\yo\MPLABXProjects\Exam.X\exam.asm
                   INICIO   0x000053    program     static C:\Users\yo\MPLABXProjects\Exam.X\exam.asm
                      REG   0x000085    program     static C:\Users\yo\MPLABXProjects\Exam.X\exam.asm
                   guarda   0x000089    program     static C:\Users\yo\MPLABXProjects\Exam.X\exam.asm
                   VALIDA   0x00008d    program     static C:\Users\yo\MPLABXProjects\Exam.X\exam.asm
                     FAIL   0x00011e    program     static C:\Users\yo\MPLABXProjects\Exam.X\exam.asm
                       lf   0x000125    program     static C:\Users\yo\MPLABXProjects\Exam.X\exam.asm
                     EXIT   0x000127    program     static C:\Users\yo\MPLABXProjects\Exam.X\exam.asm
                       le   0x00012e    program     static C:\Users\yo\MPLABXProjects\Exam.X\exam.asm
                   PANTIN   0x000130    program     static C:\Users\yo\MPLABXProjects\Exam.X\exam.asm
                  PANTSUC   0x0001fc    program     static C:\Users\yo\MPLABXProjects\Exam.X\exam.asm
                 PANTFAIL   0x0002b6    program     static C:\Users\yo\MPLABXProjects\Exam.X\exam.asm
                     exec   0x000367    program     static C:\Users\yo\MPLABXProjects\Exam.X\exam.asm
                     time   0x00036c    program     static C:\Users\yo\MPLABXProjects\Exam.X\exam.asm
                    ciclo   0x00036f    program     static C:\Users\yo\MPLABXProjects\Exam.X\exam.asm
          _MAIN_PROG_0367   0x000372    program     static C:\Users\yo\MPLABXProjects\Exam.X\exam.asm
                    time2   0x000376    program     static C:\Users\yo\MPLABXProjects\Exam.X\exam.asm
                    loopj   0x000378    program     static C:\Users\yo\MPLABXProjects\Exam.X\exam.asm
                    loopk   0x00037a    program     static C:\Users\yo\MPLABXProjects\Exam.X\exam.asm
                    loopi   0x00037c    program     static C:\Users\yo\MPLABXProjects\Exam.X\exam.asm


